mysql> INSERT INTO Console (ConsoleName, Manufacturer, ReleaseYear) VALUES ('Nintendo 64', 'Nintendo', 1996);
Query OK, 1 row affected (0.01 sec)

mysql> SELECT ConsoleID, ConsoleName FROM Console WHERE ConsoleName == 'Nintendo'
    -> ;
ERROR 1064 (42000): You have an error in your SQL syntax; check the manual that corresponds to your MySQL server version for the right syntax to use near '== 'Nintendo'' at line 1
mysql> SELECT ConsoleID, ConsoleName FROM Console WHERE ConsoleName = 'Nintendo';
Empty set (0.00 sec)

mysql> SELECT ConsoleID, ConsoleName FROM Console WHERE ConsoleName = 'Nintendo 64';
+-----------+-------------+
| ConsoleID | ConsoleName |
+-----------+-------------+
|         4 | Nintendo 64 |
|         6 | Nintendo 64 |
+-----------+-------------+
2 rows in set (0.00 sec)

mysql> SELECT *  FROM Console WHERE ConsoleName = 'Nintendo 64';
+-----------+-------------+--------------+-------------+
| ConsoleID | ConsoleName | Manufacturer | ReleaseYear |
+-----------+-------------+--------------+-------------+
|         4 | Nintendo 64 | Nintendo     |        1996 |
|         6 | Nintendo 64 | Nintendo     |        1996 |
+-----------+-------------+--------------+-------------+
2 rows in set (0.00 sec)

mysql> The consoleID of the new entry is 6
    -> ;
ERROR 1064 (42000): You have an error in your SQL syntax; check the manual that corresponds to your MySQL server version for the right syntax to use near 'The consoleID of the new entry is 6' at line 1
mysql> SELECT * FROM Game
    -> ;
+--------+--------------------+------------+-------+-----------+
| GameID | Title              | Genre      | Price | ConsoleID |
+--------+--------------------+------------+-------+-----------+
|      1 | Chrono Trigger     | RPG        | 40.00 |         1 |
|      2 | Super Metroid      | Platformer | 40.00 |         1 |
|      4 | Street Fighter II  | Fighting   | 30.00 |         1 |
|      5 | Sonic the Hedgehog | Platformer | 20.00 |         2 |
|      6 | Final Fantasy VII  | RPG        | 50.00 |         3 |
|      7 | Mega Man X         | Platformer | 35.00 |         1 |
+--------+--------------------+------------+-------+-----------+
6 rows in set (0.00 sec)

mysql> UPDATE Game SET Price = 30 WHERE GameID = 7;
Query OK, 1 row affected (0.00 sec)
Rows matched: 1  Changed: 1  Warnings: 0

mysql> I changed the price of Mega Man X From 35 to 30
    -> ;
ERROR 1064 (42000): You have an error in your SQL syntax; check the manual that corresponds to your MySQL server version for the right syntax to use near 'I changed the price of Mega Man X From 35 to 30' at line 1
mysql> DELETE FROM Game WHERE Title = 'Street Fighter II'
    -> ;
ERROR 1451 (23000): Cannot delete or update a parent row: a foreign key constraint fails (`retro_replay`.`TradeIn`, CONSTRAINT `TradeIn_ibfk_1` FOREIGN KEY (`GameID`) REFERENCES `Game` (`GameID`))
mysql> 'I cannot delete this row because of a foreign key constraint in another table';
ERROR 1064 (42000): You have an error in your SQL syntax; check the manual that corresponds to your MySQL server version for the right syntax to use near ''I cannot delete this row because of a foreign key constraint in another table'' at line 1
mysql> SELECT * FROM Game
    -> ;
+--------+--------------------+------------+-------+-----------+
| GameID | Title              | Genre      | Price | ConsoleID |
+--------+--------------------+------------+-------+-----------+
|      1 | Chrono Trigger     | RPG        | 40.00 |         1 |
|      2 | Super Metroid      | Platformer | 40.00 |         1 |
|      4 | Street Fighter II  | Fighting   | 30.00 |         1 |
|      5 | Sonic the Hedgehog | Platformer | 20.00 |         2 |
|      6 | Final Fantasy VII  | RPG        | 50.00 |         3 |
|      7 | Mega Man X         | Platformer | 30.00 |         1 |
+--------+--------------------+------------+-------+-----------+
6 rows in set (0.00 sec)

mysql> UPDATE Game SET Price = 10 WHERE GameID = 5;
Query OK, 1 row affected (0.01 sec)
Rows matched: 1  Changed: 1  Warnings: 0

mysql> UPDATE Game SET Price = 20 WHERE GameID = 3;
Query OK, 0 rows affected (0.00 sec)
Rows matched: 0  Changed: 0  Warnings: 0

mysql> UPDATE Game SET Price = 20 WHERE GameID = 5;
Query OK, 1 row affected (0.00 sec)
Rows matched: 1  Changed: 1  Warnings: 0

mysql> INSERT INTO TradeIn (GameID, CustomerName, TradeInDate, CreditAmount) VALUES (5, 'John Smith', '2026-09-24', 26.00);
Query OK, 1 row affected (0.00 sec)

mysql> SELECT * FROM TradeIN
    -> ;
ERROR 1146 (42S02): Table 'retro_replay.TradeIN' doesn't exist
mysql> SELECT * FROM TradeIn
    -> ;
+-----------+--------+--------------+-------------+--------------+
| TradeInID | GameID | CustomerName | TradeInDate | CreditAmount |
+-----------+--------+--------------+-------------+--------------+
|         1 |      1 | Maya Chen    | 2026-08-01  |        17.00 |
|         2 |      4 | Devon Brooks | 2026-08-03  |        10.00 |
|         4 |      5 | John Smith   | 2026-09-24  |        26.00 |
+-----------+--------+--------------+-------------+--------------+
3 rows in set (0.00 sec)

mysql> Update TradeIn SET CreditAmount = 10 WHERE TradeInID = 4;
Query OK, 1 row affected (0.01 sec)
Rows matched: 1  Changed: 1  Warnings: 0

mysql> SELECT * FROM TradeIn
    -> ;
+-----------+--------+--------------+-------------+--------------+
| TradeInID | GameID | CustomerName | TradeInDate | CreditAmount |
+-----------+--------+--------------+-------------+--------------+
|         1 |      1 | Maya Chen    | 2026-08-01  |        17.00 |
|         2 |      4 | Devon Brooks | 2026-08-03  |        10.00 |
|         4 |      5 | John Smith   | 2026-09-24  |        10.00 |
+-----------+--------+--------------+-------------+--------------+
3 rows in set (0.00 sec)

mysql> "Sonic the Hedgehog was traded in"
    -> ;
ERROR 1064 (42000): You have an error in your SQL syntax; check the manual that corresponds to your MySQL server version for the right syntax to use near '"Sonic the Hedgehog was traded in"' at line 1
mysql> DELETE FROM TradeIn WHERE TradeInID = 4
    -> ;
Query OK, 1 row affected (0.01 sec)

mysql> SELECT * From TradeIn
    -> ;
+-----------+--------+--------------+-------------+--------------+
| TradeInID | GameID | CustomerName | TradeInDate | CreditAmount |
+-----------+--------+--------------+-------------+--------------+
|         1 |      1 | Maya Chen    | 2026-08-01  |        17.00 |
|         2 |      4 | Devon Brooks | 2026-08-03  |        10.00 |
+-----------+--------+--------------+-------------+--------------+
2 rows in set (0.00 sec)

mysql> notee;
